// Jest Snapshot v1, https://goo.gl/fbAQLP

exports[`<Container /> should render Container 1`] = `
<div>
  <div
    class="container"
  />
</div>
`;
