// Jest Snapshot v1, https://goo.gl/fbAQLP

exports[`<App /> should render App 1`] = `
<div>
  <header
    class="header"
  >
    <div
      class="container"
    >
      <a
        class="header__link"
        href="/"
      >
        <h1
          class="header__title"
        >
          The Powerpuff Girls
        </h1>
        <img
          alt="Logo"
          class="header__logo"
          src="[object Object]"
        />
      </a>
    </div>
  </header>
  <div
    class="home"
  >
    <div
      class="container"
    >
      <a
        class="home__link"
        href="/shows/6771"
      >
        Watch show
      </a>
    </div>
  </div>
</div>
`;
